C:\Users\vm.harshi\OneDrive\Desktop\SpringStayHMS\HMS Java Proj\src\main\java\h\co\Hotel\controller\BookingController.java
C:\Users\vm.harshi\OneDrive\Desktop\SpringStayHMS\HMS Java Proj\src\main\java\h\co\Hotel\controller\CustomerController.java
C:\Users\vm.harshi\OneDrive\Desktop\SpringStayHMS\HMS Java Proj\src\main\java\h\co\Hotel\controller\DashboardController.java
C:\Users\vm.harshi\OneDrive\Desktop\SpringStayHMS\HMS Java Proj\src\main\java\h\co\Hotel\controller\PageController.java
C:\Users\vm.harshi\OneDrive\Desktop\SpringStayHMS\HMS Java Proj\src\main\java\h\co\Hotel\controller\RoomController.java
C:\Users\vm.harshi\OneDrive\Desktop\SpringStayHMS\HMS Java Proj\src\main\java\h\co\Hotel\HotelApplication.java
C:\Users\vm.harshi\OneDrive\Desktop\SpringStayHMS\HMS Java Proj\src\main\java\h\co\Hotel\model\Booking.java
C:\Users\vm.harshi\OneDrive\Desktop\SpringStayHMS\HMS Java Proj\src\main\java\h\co\Hotel\model\Customer.java
C:\Users\vm.harshi\OneDrive\Desktop\SpringStayHMS\HMS Java Proj\src\main\java\h\co\Hotel\model\Room.java
C:\Users\vm.harshi\OneDrive\Desktop\SpringStayHMS\HMS Java Proj\src\main\java\h\co\Hotel\model\RoomStatus.java
C:\Users\vm.harshi\OneDrive\Desktop\SpringStayHMS\HMS Java Proj\src\main\java\h\co\Hotel\model\RoomType.java
C:\Users\vm.harshi\OneDrive\Desktop\SpringStayHMS\HMS Java Proj\src\main\java\h\co\Hotel\repository\BookingRepository.java
C:\Users\vm.harshi\OneDrive\Desktop\SpringStayHMS\HMS Java Proj\src\main\java\h\co\Hotel\repository\CustomerRepository.java
C:\Users\vm.harshi\OneDrive\Desktop\SpringStayHMS\HMS Java Proj\src\main\java\h\co\Hotel\repository\RoomRepository.java
C:\Users\vm.harshi\OneDrive\Desktop\SpringStayHMS\HMS Java Proj\src\main\java\h\co\Hotel\service\BookingService.java
